0,0,1,2,3,4,5,6,0,0,8,9,10,12,14,15,0,0,3,6,0,9,12,15,0,0,5,0,10,15,0,0
0,-64,-50,-40,-30,-20,-10,-1,0,0,1,10,20,40,60,63,0,-64,-30,-1,0,10,40,63,0,-64,-10,0,20,63,0,0
